sqlite> ALTER TABLE employees REMOVE COLUMN age;
Error: in prepare, near "REMOVE": syntax error (1)
sqlite> ALTER TABLE employees DROP COLUMN age;
sqlite> ALTER TABLE employees ADD COLUMN age NUMBER;
sqlite> INSERT INTO employees (salary, first_name, last_name) VALUES (1000000000, "Sakib", "Rasul");
sqlite> INSERT INTO employees (first_name, last_name, title, age, salary) VALUES ("Josh", "Cruz", "CEO", 25, 2500000);
sqlite> SELECT * FROM employees;
1|Sakib|Rasul||1000000000|
2|Josh|Cruz|CEO|2500000|25
sqlite> .headers on
sqlite> .mode columns
sqlite> SELECT * FROM employees;
id  first_name  last_name  title  salary      age
--  ----------  ---------  -----  ----------  ---
1   Sakib       Rasul             1000000000     
2   Josh        Cruz       CEO    2500000     25 
sqlite> SELECT first_name FROM employees;
first_name
----------
Sakib     
Josh      
sqlite> SELECT first_name, id FROM employees;
first_name  id
----------  --
Sakib       1 
Josh        2 
sqlite> SELECT * FROM employees;
id  first_name  last_name  title  salary      age
--  ----------  ---------  -----  ----------  ---
1   Sakib       Rasul             1000000000     
2   Josh        Cruz       CEO    2500000     25 
sqlite> SELECT * FROM employees WHERE first_name = "Sakib";
id  first_name  last_name  title  salary      age
--  ----------  ---------  -----  ----------  ---
1   Sakib       Rasul             1000000000     
sqlite> SELECT * FROM employees WHERE last_name = "Rasul";
id  first_name  last_name  title  salary      age
--  ----------  ---------  -----  ----------  ---
1   Sakib       Rasul             1000000000     
sqlite> SELECT * FROM employees WHERE id = 1;
id  first_name  last_name  title  salary      age
--  ----------  ---------  -----  ----------  ---
1   Sakib       Rasul             1000000000     
sqlite> SELECT * FROM employees WHERE salary = 500000;
sqlite> SELECT * FROM employees WHERE salary > 50000;
id  first_name  last_name  title  salary      age
--  ----------  ---------  -----  ----------  ---
1   Sakib       Rasul             1000000000     
2   Josh        Cruz       CEO    2500000     25 
sqlite> UPDATE employees SET title = "super director";
sqlite> SELECT * FROM employees;
id  first_name  last_name  title           salary      age
--  ----------  ---------  --------------  ----------  ---
1   Sakib       Rasul      super director  1000000000     
2   Josh        Cruz       super director  2500000     25 
sqlite> UPDATE employees SET title = "super director" WHERE id = 1;
sqlite> SELECT * FROM employees;
id  first_name  last_name  title           salary      age
--  ----------  ---------  --------------  ----------  ---
1   Sakib       Rasul      super director  1000000000     
2   Josh        Cruz       super director  2500000     25 
sqlite> UPDATE employees SET title = "CEO" WHERE id = 2;
sqlite> SELECT * FROM employees;
id  first_name  last_name  title           salary      age
--  ----------  ---------  --------------  ----------  ---
1   Sakib       Rasul      super director  1000000000     
2   Josh        Cruz       CEO             2500000     25 
sqlite> DELETE FROM employees WHERE id = 1;
sqlite> SELECT * FROM employees;
id  first_name  last_name  title  salary   age
--  ----------  ---------  -----  -------  ---
2   Josh        Cruz       CEO    2500000  25 
sqlite> INSERT INTO employees (first_name, last_name, salary, title) VALUES ("Nicole", "Wachter", 3000000, "CFO");
sqlite> SELECT * FROM employees;
id  first_name  last_name  title  salary   age
--  ----------  ---------  -----  -------  ---
2   Josh        Cruz       CEO    2500000  25 
3   Nicole      Wachter    CFO    3000000     
sqlite> UPDATE employees SET id = 1 WHERE id = 3;
sqlite> SELECT * FROM employees;
id  first_name  last_name  title  salary   age
--  ----------  ---------  -----  -------  ---
1   Nicole      Wachter    CFO    3000000     
2   Josh        Cruz       CEO    2500000  25 
sqlite> INSERT INTO employees (first_name, last_name, salary, title) VALUES ("Isaiah",
 "Kantor", 1000000, "COO");
sqlite> SELECT * FROM employees;
id  first_name  last_name  title  salary   age
--  ----------  ---------  -----  -------  ---
1   Nicole      Wachter    CFO    3000000     
2   Josh        Cruz       CEO    2500000  25 
3   Isaiah      Kantor     COO    1000000